Fehler in Zeile 21: Komma, Semikolon oder Zeilenwechsel erwartet.
Fehler in Zeile 21: ungültige Anzahl an Operanden
Fehler in Zeile 57: unerwartetes Symbol.
Fehler in Zeile 57: unerwartetes Symbol.
Fehler in Zeile 57: unerwartetes Symbol.
Fehler in Zeile 57: unerwartetes Symbol.
Fehler in Zeile 57: unerwartetes Symbol.
Fehler in Zeile 57: unerwartetes Symbol.
Fehler in Zeile 62: unerwartetes Symbol.
Fehler in Zeile 62: unerwartetes Symbol.
Fehler in Zeile 62: unerwartetes Symbol.
Fehler in Zeile 62: unerwartetes Symbol.
Fehler in Zeile 62: unerwartetes Symbol.
Fehler in Zeile 62: unerwartetes Symbol.
Fehler in Zeile 63: unerwartetes Symbol.
Fehler in Zeile 63: unerwartetes Symbol.
Fehler in Zeile 63: unerwartetes Symbol.
Fehler in Zeile 63: unerwartetes Symbol.
Fehler in Zeile 63: unerwartetes Symbol.
Fehler in Zeile 63: unerwartetes Symbol.
Fehler in Zeile 67: unerwartetes Symbol.
Fehler in Zeile 67: unerwartetes Symbol.
Fehler in Zeile 67: unerwartetes Symbol.
Fehler in Zeile 67: unerwartetes Symbol.
Fehler in Zeile 67: unerwartetes Symbol.
Fehler in Zeile 67: unerwartetes Symbol.

